
> backend@1.0.0 test
> jest tests/patient.test.ts

  console.log
    [dotenv@17.3.1] injecting env (5) from .env -- tip: ≡ƒ¢í∩╕Å auth for agents: https://vestauth.com

      at _log (node_modules/dotenv/lib/main.js:139:11)

node.exe : FAIL tests/patient.test.ts
At C:\Users\Chirag Malde\AppData\Roaming\npm\npm.ps1:24 char:5
+     & "node$exe"  "$basedir/node_modules/npm/bin/npm-cli.js" $args
+     ~~~~~~~~~~~~~~~~~~~~~~~~~~~~~~~~~~~~~~~~~~~~~~~~~~~~~~~~~~~~~~
    + CategoryInfo          : NotSpecified: (FAIL tests/patient.test.ts:String) [], Rem 
   oteException
    + FullyQualifiedErrorId : NativeCommandError
 
  ΓùÅ Test suite failed to run

    Jest encountered an unexpected token

    Jest failed to parse a file. This happens e.g. when your code or its dependencies 
use non-standard JavaScript syntax, or when Jest is not configured to support such 
syntax.

    Out of the box Jest supports Babel, which will be used to transform your files into 
valid JS based on your Babel configuration.

    By default "node_modules" folder is ignored by transformers.

    Here's what you can do:
     ΓÇó If you are trying to use ECMAScript Modules, see 
https://jestjs.io/docs/ecmascript-modules for how to enable it.
     ΓÇó If you are trying to use TypeScript, see 
https://jestjs.io/docs/getting-started#using-typescript
     ΓÇó To have some of your "node_modules" files transformed, you can specify a 
custom "transformIgnorePatterns" in your config.
     ΓÇó If you need a custom transformation, specify a "transform" option in your 
config.
     ΓÇó If you simply want to mock your non-JS modules (e.g. binary assets) you can 
stub them out with the "moduleNameMapper" config option.

    You'll find more details and examples of these config options in the docs:
    https://jestjs.io/docs/configuration
    For information about custom transformations, see:
    https://jestjs.io/docs/code-transformation

    Details:

    D:\Projects\MediPulse\backend\node_modules\uuid\dist-node\index.js:1
    export { default as MAX } from './max.js';
    ^^^^^^

    SyntaxError: Unexpected token 'export'

    [0m [90m 2 |[39m [33mObject[39m[33m.[39mdefineProperty(exports[33m,[39m 
[32m"__esModule"[39m[33m,[39m { value[33m:[39m [36mtrue[39m })[33m;[39m
     [90m 3 |[39m exports[33m.[39mcorrelationIdMiddleware [33m=[39m 
[36mvoid[39m [35m0[39m[33m;[39m
    [31m[1m>[22m[39m[90m 4 |[39m [36mconst[39m uuid_1 [33m=[39m 
require([32m"uuid"[39m)[33m;[39m
     [90m   |[39m                [31m[1m^[22m[39m
     [90m 5 |[39m [36mconst[39m correlationIdMiddleware [33m=[39m (req[33m,[39m 
_res[33m,[39m next) [33m=>[39m {
     [90m 6 |[39m     [36mconst[39m correlationId [33m=[39m 
req[33m.[39mheaders[[32m'x-correlation-id'[39m] [33m||[39m 
([35m0[39m[33m,[39m uuid_1[33m.[39mv4)()[33m;[39m
     [90m 7 |[39m     req[33m.[39mcorrelationId [33m=[39m 
correlationId[33m;[39m[0m

      at Runtime.createScriptFromCode (node_modules/jest-runtime/build/index.js:1318:40)
      at Object.<anonymous> (src/middleware/correlation.js:4:16)
      at Object.<anonymous> (tests/patient.test.ts:9:1)

Test Suites: 1 failed, 1 total
Tests:       0 total
Snapshots:   0 total
Time:        1.885 s
Ran all test suites matching tests/patient.test.ts.
